
> build
> vite build

[36mvite v7.3.1 [32mbuilding client environment for production...[36m[39m
transforming...
[32mΓ£ô[39m 1 modules transformed.
node.exe : 
[31mΓ£ù[39m Build 
failed in 21ms
At line:1 char:1
+ & "C:\Program 
Files\nodejs/node.exe" 
"C:\Program 
Files\nodejs/node_mo 
...
+ ~~~~~~~~~~~~~~~~~~~~~
~~~~~~~~~~~~~~~~~~~~~~~
~~~~~~~~~~~~~~~~~~~~~~~
~~
    + CategoryInfo     
         : NotSpecifi  
  ed: ([31mΓ£ù[39m   
  Build failed in 2    
1ms:String) [], Re    
moteException
    + FullyQualifiedEr 
   rorId : NativeComm  
  andError
 
[31merror during 
build:
[31m[@tailwindcss/vite
:generate:build] Can't 
resolve 'tailwindcss' 
in 'D:\New 
folder\freelance pro\id
ontwantmycaranymore\res
ources\css'[31m
file: [36mD:/New 
folder/freelance pro/id
ontwantmycaranymore/res
ources/css/app.css[31m
    at 
finishWithoutResolve 
(D:\New 
folder\freelance pro\id
ontwantmycaranymore\nod
e_modules\enhanced-reso
lve\lib\Resolver.js:586
:18)
    at D:\New 
folder\freelance pro\id
ontwantmycaranymore\nod
e_modules\enhanced-reso
lve\lib\Resolver.js:678
:14
    at D:\New 
folder\freelance pro\id
ontwantmycaranymore\nod
e_modules\enhanced-reso
lve\lib\Resolver.js:739
:5
    at eval (eval at 
create (D:\New 
folder\freelance pro\id
ontwantmycaranymore\nod
e_modules\tapable\lib\H
ookCodeFactory.js:31:10
), <anonymous>:15:1)
    at D:\New 
folder\freelance pro\id
ontwantmycaranymore\nod
e_modules\enhanced-reso
lve\lib\Resolver.js:739
:5
    at eval (eval at 
create (D:\New 
folder\freelance pro\id
ontwantmycaranymore\nod
e_modules\tapable\lib\H
ookCodeFactory.js:31:10
), <anonymous>:27:1)
    at D:\New 
folder\freelance pro\id
ontwantmycaranymore\nod
e_modules\enhanced-reso
lve\lib\DescriptionFile
Plugin.js:89:43
    at D:\New 
folder\freelance pro\id
ontwantmycaranymore\nod
e_modules\enhanced-reso
lve\lib\Resolver.js:739
:5
    at eval (eval at 
create (D:\New 
folder\freelance pro\id
ontwantmycaranymore\nod
e_modules\tapable\lib\H
ookCodeFactory.js:31:10
), <anonymous>:15:1)
    at D:\New 
folder\freelance pro\id
ontwantmycaranymore\nod
e_modules\enhanced-reso
lve\lib\Resolver.js:739
:5[39m
